// Jest Snapshot v1, https://goo.gl/fbAQLP

exports[`Pruebas del componenete <GiftGrid /> Debe de crearse el componente 1`] = `
<Fragment>
  <h3
    className="animate__animated animate__fadeIn"
  >
    Dragon Ball
  </h3>
  <p
    className="animate__animated animate__flash animate__infinite"
  >
    Loading...
  </p>
  <div
    className="card-grid"
  />
</Fragment>
`;
